=== Setup rdl_staging no-demo 2026-08-10T07:02:25+01:00 ===
Created database rdl_staging
--- odoo  ---
--- odoo -i l10n_ng ---
<string>:38: (ERROR/3) Unexpected indentation.
<string>:43: (WARNING/2) Block quote ends without a blank line; unexpected unindent.
--- Stamp company chart_template ng ---
--- odoo -i uom,stock,stock_account,purchase,sale_management,account,point_of_sale ---
--- odoo -i rdl_core_config,pos_seerbit ---
--- Install remaining modules from source list no-demo ---
--- odoo optional -i account,account_check_printing,account_edi_ubl_cii,account_payment,accounting_pdf_reports,analytic,auth_signup,auth_totp,auth_totp_mail,auth_totp_portal,barcodes,barcodes_gs1_nomenclature,base_account_budget,base_import,base_import_module,base_install_request,base_setup,base_vat,bus,calendar ---
<string>:38: (ERROR/3) Unexpected indentation.
<string>:43: (WARNING/2) Block quote ends without a blank line; unexpected unindent.
--- odoo optional -i calendar_sms,contacts,digest,eg_scrap_order_report,google_gmail,home-theme,hr,hr_calendar,hr_contract,hr_expense,hr_holidays,hr_holidays_contract,hr_hourly_cost,hr_org_chart,hr_skills,html_editor,http_routing,iap,iap_mail,l10n_ng ---
<string>:38: (ERROR/3) Unexpected indentation.
<string>:43: (WARNING/2) Block quote ends without a blank line; unexpected unindent.
<string>:49: (WARNING/2) Title underline too short.

Time Off Management
-----------------
<string>:49: (WARNING/2) Title underline too short.

Time Off Management
-----------------
<string>:3: (WARNING/2) Title underline too short.

Manage time off requests and allocations
=====================================
--- odoo optional -i mail,mail_bot,mail_bot_hr,mrp,mrp_account,mrp_product_expiry,odoo-pos-custom-branding,oh_employee_creation_from_user,om_account_accountant,om_account_asset,om_account_budget,om_account_daily_reports,om_account_followup,om_fiscal_year,om_recurring_payments,onboarding,partner_autocomplete,payment,phone_validation,point_of_sale ---
<string>:38: (ERROR/3) Unexpected indentation.
<string>:43: (WARNING/2) Block quote ends without a blank line; unexpected unindent.
<string>:49: (WARNING/2) Title underline too short.

Time Off Management
-----------------
<string>:49: (WARNING/2) Title underline too short.

Time Off Management
-----------------
<string>:3: (WARNING/2) Title underline too short.

Manage time off requests and allocations
=====================================
--- odoo optional -i portal,pos_epson_printer,pos_hr,pos_mrp,pos_online_payment,pos_sale,pos_seerbit,pos_sms,privacy_lookup,product,product_expiry,product_images,purchase,purchase_edi_ubl_bis3,purchase_mrp,purchase_stock,rdl_core_config,report_xlsx,report_xlsx_helper,report_xml ---
<string>:49: (WARNING/2) Title underline too short.

Time Off Management
-----------------
<string>:49: (WARNING/2) Title underline too short.

Time Off Management
-----------------
<string>:3: (WARNING/2) Title underline too short.

Manage time off requests and allocations
=====================================
--- odoo optional -i resource,resource_mail,sale,sale_async_emails,sale_edi_ubl,sale_expense,sale_management,sale_mrp,sale_pdf_quote_builder,sale_purchase,sale_purchase_stock,sale_sms,sale_stock,sales_team,sms,snailmail,snailmail_account,spreadsheet,spreadsheet_account,spreadsheet_dashboard ---
--- odoo optional -i spreadsheet_dashboard_account,spreadsheet_dashboard_hr_expense,spreadsheet_dashboard_pos_hr,spreadsheet_dashboard_sale,spreadsheet_dashboard_stock_account,stock,stock_account,stock_picking_batch,stock_sms,uom,utm,web,web_editor,web_hierarchy,web_tour,web_unsplash ---
<string>:38: (ERROR/3) Unexpected indentation.
<string>:43: (WARNING/2) Block quote ends without a blank line; unexpected unindent.
<string>:49: (WARNING/2) Title underline too short.

Time Off Management
-----------------
<string>:49: (WARNING/2) Title underline too short.

Time Off Management
-----------------
<string>:3: (WARNING/2) Title underline too short.

Manage time off requests and allocations
=====================================
--- odoo -u rdl_core_config ---
--- Done. Run migration: ---
  ./odoo-source/odoo-bin shell -d rdl_staging -c /home/kane/odoo-18/odoo.conf < extra-addons/rdl_core_config/scripts/migrate_rdl_staging.py
=== Setup complete 2026-08-10T07:15:38+01:00 ===
